// Jest Snapshot v1, https://goo.gl/fbAQLP

exports[`renders forecast 1`] = `
<table>
  <thead>
    <tr>
      <th>
        Date
      </th>
      <th>
        Summary
      </th>
      <th>
        Temp (C)
      </th>
      <th>
        Temp (F)
      </th>
    </tr>
  </thead>
  <tbody>
    <tr>
      <td>
        Thu Jan 01 1970 10:00:00 GMT+1000 (Australian Eastern Standard Time)
      </td>
      <td>
        dis b hot
      </td>
      <td>
        1000
      </td>
      <td>
        1000
      </td>
    </tr>
  </tbody>
</table>
`;

exports[`renders loading 1`] = `
<p>
  No weather data
</p>
`;
